
Running 43 tests using 2 workers


(node:13814) Warning: The 'NO_COLOR' env is ignored due to the 'FORCE_COLOR' env being set.
(Use `node --trace-warnings ...` to show where the warning was created)


(node:13813) Warning: The 'NO_COLOR' env is ignored due to the 'FORCE_COLOR' env being set.
(Use `node --trace-warnings ...` to show where the warning was created)

[1/43] [chromium] › e2e/accessibility-motion.spec.ts:67:7 › motion and language accessibility › marks the French MDX body without relabeling the English article UI
[2/43] [chromium] › e2e/accessibility-motion.spec.ts:4:7 › motion and language accessibility › shows the English radar immediately in reduced motion mode
[3/43] [chromium] › e2e/article-layout.spec.ts:12:5 › every article keeps its editorial layout in both locales
[4/43] [chromium] › e2e/contact.spec.ts:4:7 › Contact Page › page loads with correct heading
[5/43] [chromium] › e2e/contact.spec.ts:9:7 › Contact Page › form fields are visible
[6/43] [chromium] › e2e/contact.spec.ts:17:7 › Contact Page › form shows validation errors on empty submission
[7/43] [chromium] › e2e/contact.spec.ts:34:7 › Contact Page › English contact page loads correctly
[8/43] [chromium] › e2e/cookie-consent.spec.ts:10:7 › Cookie Consent › banner appears on first visit after delay
[9/43] [chromium] › e2e/cookie-consent.spec.ts:17:7 › Cookie Consent › Accept hides the banner
[10/43] [chromium] › e2e/cookie-consent.spec.ts:24:7 › Cookie Consent › banner does not appear after accepting
[11/43] [chromium] › e2e/cookie-consent.spec.ts:33:7 › Cookie Consent › Reject hides the banner
[12/43] [chromium] › e2e/cookie-consent.spec.ts:42:7 › Cookie Consent › preferences can be reopened and withdrawn from the footer
[13/43] [chromium] › e2e/homepage-visual.spec.ts:32:7 › Homepage visual regression › desktop composition
[14/43] [chromium] › e2e/homepage-visual.spec.ts:44:7 › Homepage visual regression › mobile composition
[15/43] [chromium] › e2e/homepage-visual.spec.ts:56:7 › Homepage visual regression › dark composition
[16/43] [chromium] › e2e/homepage-visual.spec.ts:68:7 › Homepage visual regression › uses the neutral portrait without Japanese decorative assets
[17/43] [chromium] › e2e/i18n.spec.ts:4:7 › Internationalization › root path redirects to /fr (default locale)
[18/43] [chromium] › e2e/i18n.spec.ts:9:7 › Internationalization › /fr shows French content
[19/43] [chromium] › e2e/i18n.spec.ts:14:7 › Internationalization › /en shows English content
[20/43] [chromium] › e2e/i18n.spec.ts:19:7 › Internationalization › language switcher toggles locale
[21/43] [chromium] › e2e/i18n.spec.ts:30:7 › Internationalization › preserves filtered article lists and renews the CSP nonce
[22/43] [chromium] › e2e/i18n.spec.ts:61:7 › Internationalization › preserves an article anchor when switching locale
[23/43] [chromium] › e2e/i18n.spec.ts:77:7 › Internationalization › can switch theme after a full locale navigation without CSP violations
[24/43] [chromium] › e2e/i18n.spec.ts:108:7 › Internationalization › language preference persists across navigation
[25/43] [chromium] › e2e/navigation.spec.ts:6:7 › Navigation › home page loads correctly
[26/43] [chromium] › e2e/navigation.spec.ts:15:7 › Navigation › timeline entries reveal on direct hash navigation
[27/43] [chromium] › e2e/navigation.spec.ts:29:7 › Navigation › articles page loads
[28/43] [chromium] › e2e/navigation.spec.ts:36:7 › Navigation › contact page loads
[29/43] [chromium] › e2e/navigation.spec.ts:43:7 › Navigation › projects page loads
[30/43] [chromium] › e2e/navigation.spec.ts:50:7 › Navigation › project detail page loads
[31/43] [chromium] › e2e/navigation.spec.ts:57:7 › Navigation › 404 page renders for unknown routes
[32/43] [chromium] › e2e/navigation.spec.ts:64:7 › Navigation › nav links work
[33/43] [chromium] › e2e/navigation.spec.ts:96:7 › Navigation › updates page JSON-LD after client navigation
[34/43] [chromium] › e2e/navigation.spec.ts:124:7 › Navigation › closes a desktop submenu after navigating from a child link
[35/43] [chromium] › e2e/navigation.spec.ts:171:7 › Navigation › closes the mobile navigation with Escape and restores focus
[36/43] [chromium] › e2e/runtime-boundaries.spec.ts:12:7 › runtime boundaries › representative routes stay free of uncaught browser errors
[37/43] [chromium] › e2e/runtime-boundaries.spec.ts:43:7 › runtime boundaries › the site remains usable when browser storage is refused
[38/43] [chromium] › e2e/runtime-boundaries.spec.ts:74:7 › calendar rendering › calendar dates remain stable in a west-coast timezone
[39/43] [chromium] › e2e/runtime-boundaries.spec.ts:87:7 › no-JavaScript fallback › keeps the server-rendered homepage readable
[40/43] [chromium] › e2e/secondary-pages.spec.ts:45:7 › secondary routes stay healthy on desktop
[41/43] [chromium] › e2e/secondary-pages.spec.ts:45:7 › secondary routes stay healthy on mobile
[42/43] [chromium] › e2e/seed.spec.ts:4:7 › Seed › homepage loads and is ready
[43/43] [chromium] › e2e/sitemap.spec.ts:24:5 › every sitemap route and internal link is structurally healthy
  43 passed (30.7s)
