
> portfolio@0.1.0 test:coverage /private/tmp/portfolio-code-audit-20260908-4e1GSr/repo
> vitest run --project unit --coverage


 RUN  v4.1.10 /private/tmp/portfolio-code-audit-20260908-4e1GSr/repo
      Coverage enabled with v8

Not implemented: navigation to another Document

 Test Files  43 passed (43)
      Tests  209 passed (209)
   Start at  10:41:54
   Duration  15.55s (transform 2.87s, setup 13.95s, import 7.97s, tests 30.12s, environment 54.23s)

 % Coverage report from v8
-------------------|---------|----------|---------|---------|-------------------
File               | % Stmts | % Branch | % Funcs | % Lines | Uncovered Line #s 
-------------------|---------|----------|---------|---------|-------------------
All files          |   85.64 |    76.79 |   83.46 |   87.41 |                   
 src               |     100 |       90 |     100 |     100 |                   
  proxy.ts         |     100 |       90 |     100 |     100 | 13                
 ...ocale]/actions |     100 |    77.14 |     100 |     100 |                   
  contact.ts       |     100 |    77.14 |     100 |     100 | 34,85-95,112-114  
 src/components    |      82 |    72.97 |   78.76 |   83.51 |                   
  analytics.tsx    |   93.33 |    77.77 |   85.71 |    92.3 | 28                
  ...ode-block.tsx |   86.36 |       75 |      80 |      90 | 62,70             
  ...ancements.tsx |   82.05 |       75 |    87.5 |   83.78 | ...4,71,76,91,102 
  ...nked-text.tsx |     100 |       50 |     100 |     100 | 9                 
  ...able-list.tsx |   97.22 |       90 |   93.33 |   97.05 | 133               
  contact-form.tsx |       0 |        0 |       0 |       0 | 1-286             
  ...e-consent.tsx |   86.95 |    79.06 |   81.25 |   90.32 | ...12-113,209,266 
  ...gs-button.tsx |   66.66 |      100 |      50 |   66.66 | 7                 
  ...rred-fonts.ts |       0 |      100 |     100 |       0 | 3-15              
  ...-switcher.tsx |     100 |    71.42 |     100 |     100 | 9-14,19-24        
  navbar.tsx       |   77.41 |       75 |   76.19 |   80.76 | ...88-189,194-195 
  radar-chart.tsx  |   87.27 |    66.66 |   91.66 |   87.75 | 84-101            
  ...e-content.tsx |   95.23 |    86.66 |     100 |     100 | 63-76             
  ...ured-data.tsx |     100 |    71.42 |     100 |     100 | 18,34,68,129      
  theme-toggle.tsx |      80 |        0 |      50 |      80 | 16                
 ...onents/landing |   74.22 |    71.79 |   84.61 |   77.01 |                   
  ...e-section.tsx |     100 |    87.87 |     100 |     100 | 208,242-253       
  ...ge-motion.tsx |   52.94 |    38.46 |   64.28 |   55.81 | 50-59,72-93       
  ...n-heading.tsx |       0 |        0 |       0 |       0 | 14                
 src/lib           |      90 |    83.52 |   89.65 |   92.34 |                   
  ...e-headings.ts |   92.85 |     87.5 |     100 |   92.85 | 40                
  articles.ts      |   93.33 |       50 |     100 |   93.33 | 53                
  competences.ts   |   66.66 |      100 |      50 |      75 | 34                
  ...ie-consent.ts |   88.88 |     72.5 |     100 |   94.73 | 50,61             
  experience.ts    |   94.44 |    96.42 |     100 |     100 | 46                
  metadata.ts      |     100 |    72.72 |     100 |     100 | 8,52-61           
  odoo-projects.ts |   66.66 |      100 |   33.33 |      80 | 814               
  rate-limit.ts    |   90.32 |    85.29 |     100 |   90.32 | 85,93,98          
  ...cha-client.ts |   79.48 |    73.33 |      75 |   81.08 | 35-36,50-52,78-79 
  recaptcha.ts     |     100 |    90.47 |     100 |     100 | 45,53             
-------------------|---------|----------|---------|---------|-------------------

=============================== Coverage summary ===============================
Statements   : 85.64% ( 716/836 )
Branches     : 76.79% ( 427/556 )
Functions    : 83.46% ( 217/260 )
Lines        : 87.41% ( 674/771 )
================================================================================
